[    0.000000] Linux version 5.4.0-rc1+ (grayson5@fa19-cs523-46) (gcc version 7.4.0 (Ubuntu 7.4.0-1ubuntu1~18.04.1)) #43 SMP Sat Nov 2 10:38:14 CDT 2019
[    0.000000] Command line: console=ttyS0 root=/dev/sda kernel.panic=-1 rw single nokaslr
[    0.000000] x86/fpu: x87 FPU will use FXSAVE
[    0.000000] BIOS-provided physical RAM map:
[    0.000000] BIOS-e820: [mem 0x0000000000000000-0x000000000009fbff] usable
[    0.000000] BIOS-e820: [mem 0x000000000009fc00-0x000000000009ffff] reserved
[    0.000000] BIOS-e820: [mem 0x00000000000f0000-0x00000000000fffff] reserved
[    0.000000] BIOS-e820: [mem 0x0000000000100000-0x000000003ffdffff] usable
[    0.000000] BIOS-e820: [mem 0x000000003ffe0000-0x000000003fffffff] reserved
[    0.000000] BIOS-e820: [mem 0x00000000feffc000-0x00000000feffffff] reserved
[    0.000000] BIOS-e820: [mem 0x00000000fffc0000-0x00000000ffffffff] reserved
[    0.000000] NX (Execute Disable) protection: active
[    0.000000] SMBIOS 2.8 present.
[    0.000000] DMI: QEMU Standard PC (i440FX + PIIX, 1996), BIOS 1.10.2-1ubuntu1 04/01/2014
[    0.000000] Hypervisor detected: KVM
[    0.000000] kvm-clock: Using msrs 4b564d01 and 4b564d00
[    0.000001] kvm-clock: cpu 0, msr 467d001, primary cpu clock
[    0.000001] kvm-clock: using sched offset of 840044035 cycles
[    0.000042] clocksource: kvm-clock: mask: 0xffffffffffffffff max_cycles: 0x1cd42e4dffb, max_idle_ns: 881590591483 ns
[    0.000056] tsc: Detected 2399.998 MHz processor
[    0.003494] last_pfn = 0x3ffe0 max_arch_pfn = 0x400000000
[    0.003730] x86/PAT: PAT not supported by CPU.
[    0.003773] x86/PAT: Configuration [0-7]: WB  WT  UC- UC  WB  WT  UC- UC  
[    0.012757] found SMP MP-table at [mem 0x000f6aa0-0x000f6aaf]
[    0.013065] check: Scanning 1 areas for low memory corruption
[    0.013706] ACPI: Early table checksum verification disabled
[    0.013763] ACPI: RSDP 0x00000000000F68C0 000014 (v00 BOCHS )
[    0.013801] ACPI: RSDT 0x000000003FFE15FC 000030 (v01 BOCHS  BXPCRSDT 00000001 BXPC 00000001)
[    0.013864] ACPI: FACP 0x000000003FFE1458 000074 (v01 BOCHS  BXPCFACP 00000001 BXPC 00000001)
[    0.013886] ACPI: DSDT 0x000000003FFE0040 001418 (v01 BOCHS  BXPCDSDT 00000001 BXPC 00000001)
[    0.013893] ACPI: FACS 0x000000003FFE0000 000040
[    0.013899] ACPI: APIC 0x000000003FFE154C 000078 (v01 BOCHS  BXPCAPIC 00000001 BXPC 00000001)
[    0.013905] ACPI: HPET 0x000000003FFE15C4 000038 (v01 BOCHS  BXPCHPET 00000001 BXPC 00000001)
[    0.015011] No NUMA configuration found
[    0.015014] Faking a node at [mem 0x0000000000000000-0x000000003ffdffff]
[    0.015116] NODE_DATA(0) allocated [mem 0x3ffdc000-0x3ffdffff]
[    0.016424] Zone ranges:
[    0.016426]   DMA      [mem 0x0000000000001000-0x0000000000ffffff]
[    0.016429]   DMA32    [mem 0x0000000001000000-0x000000003ffdffff]
[    0.016431]   Normal   empty
[    0.016433] Movable zone start for each node
[    0.016434] Early memory node ranges
[    0.016436]   node   0: [mem 0x0000000000001000-0x000000000009efff]
[    0.016448]   node   0: [mem 0x0000000000100000-0x000000003ffdffff]
[    0.017442] Zeroed struct page in unavailable ranges: 98 pages
[    0.017445] Initmem setup node 0 [mem 0x0000000000001000-0x000000003ffdffff]
[    0.144274] kasan: KernelAddressSanitizer initialized
[    0.145296] ACPI: PM-Timer IO Port: 0x608
[    0.145347] ACPI: LAPIC_NMI (acpi_id[0xff] dfl dfl lint[0x1])
[    0.145509] IOAPIC[0]: apic_id 0, version 17, address 0xfec00000, GSI 0-23
[    0.145514] ACPI: INT_SRC_OVR (bus 0 bus_irq 0 global_irq 2 dfl dfl)
[    0.145528] ACPI: INT_SRC_OVR (bus 0 bus_irq 5 global_irq 5 high level)
[    0.145530] ACPI: INT_SRC_OVR (bus 0 bus_irq 9 global_irq 9 high level)
[    0.145543] ACPI: INT_SRC_OVR (bus 0 bus_irq 10 global_irq 10 high level)
[    0.145546] ACPI: INT_SRC_OVR (bus 0 bus_irq 11 global_irq 11 high level)
[    0.145556] Using ACPI (MADT) for SMP configuration information
[    0.145559] ACPI: HPET id: 0x8086a201 base: 0xfed00000
[    0.145580] smpboot: Allowing 1 CPUs, 0 hotplug CPUs
[    0.145684] PM: Registered nosave memory: [mem 0x00000000-0x00000fff]
[    0.145689] PM: Registered nosave memory: [mem 0x0009f000-0x0009ffff]
[    0.145691] PM: Registered nosave memory: [mem 0x000a0000-0x000effff]
[    0.145692] PM: Registered nosave memory: [mem 0x000f0000-0x000fffff]
[    0.145696] [mem 0x40000000-0xfeffbfff] available for PCI devices
[    0.145698] Booting paravirtualized kernel on KVM
[    0.145724] clocksource: refined-jiffies: mask: 0xffffffff max_cycles: 0xffffffff, max_idle_ns: 1910969940391419 ns
[    0.634455] setup_percpu: NR_CPUS:64 nr_cpumask_bits:64 nr_cpu_ids:1 nr_node_ids:1
[    0.635905] percpu: Embedded 59 pages/cpu s204504 r8192 d28968 u2097152
[    0.636063] KVM setup async PF for cpu 0
[    0.636082] kvm-stealtime: cpu 0, msr 3621f1c0
[    0.636112] Built 1 zonelists, mobility grouping on.  Total pages: 257897
[    0.636113] Policy zone: DMA32
[    0.636116] Kernel command line: console=ttyS0 root=/dev/sda kernel.panic=-1 rw single nokaslr
[    0.636471] Dentry cache hash table entries: 131072 (order: 8, 1048576 bytes, linear)
[    0.636536] Inode-cache hash table entries: 65536 (order: 7, 524288 bytes, linear)
[    0.636705] mem auto-init: stack:off, heap alloc:off, heap free:off
[    0.658565] Memory: 816116K/1048056K available (22532K kernel code, 14571K rwdata, 6352K rodata, 1752K init, 16016K bss, 231940K reserved, 0K cma-reserved)
[    0.660721] SLUB: HWalign=64, Order=0-3, MinObjects=0, CPUs=1, Nodes=1
[    0.660827] Kernel/User page tables isolation: enabled
[    0.663622] rcu: Hierarchical RCU implementation.
[    0.663625] rcu: 	RCU event tracing is enabled.
[    0.663627] rcu: 	RCU restricting CPUs from NR_CPUS=64 to nr_cpu_ids=1.
[    0.663640] rcu: RCU calculated value of scheduler-enlistment delay is 100 jiffies.
[    0.663642] rcu: Adjusting geometry for rcu_fanout_leaf=16, nr_cpu_ids=1
[    0.670911] NR_IRQS: 4352, nr_irqs: 256, preallocated irqs: 16
[    0.671785] random: get_random_bytes called from start_kernel+0x397/0x647 with crng_init=0
[    0.691798] Console: colour VGA+ 80x25
[    0.884538] printk: console [ttyS0] enabled
[    0.886129] ACPI: Core revision 20190816
[    0.888760] clocksource: hpet: mask: 0xffffffff max_cycles: 0xffffffff, max_idle_ns: 19112604467 ns
[    0.892487] APIC: Switch to symmetric I/O mode setup
[    0.899556] ..TIMER: vector=0x30 apic1=0 pin1=2 apic2=-1 pin2=-1
[    0.901721] clocksource: tsc-early: mask: 0xffffffffffffffff max_cycles: 0x229835b7123, max_idle_ns: 440795242976 ns
[    0.905563] Calibrating delay loop (skipped) preset value.. 4799.99 BogoMIPS (lpj=2399998)
[    0.906533] pid_max: default: 32768 minimum: 301
[    0.908815] LSM: Security Framework initializing
[    0.910677] SELinux:  Initializing.
[    0.912822] Mount-cache hash table entries: 2048 (order: 2, 16384 bytes, linear)
[    0.913545] Mountpoint-cache hash table entries: 2048 (order: 2, 16384 bytes, linear)
[    0.919194] Last level iTLB entries: 4KB 0, 2MB 0, 4MB 0
[    0.919533] Last level dTLB entries: 4KB 0, 2MB 0, 4MB 0, 1GB 0
[    0.920540] Spectre V1 : Mitigation: usercopy/swapgs barriers and __user pointer sanitization
[    0.921534] Spectre V2 : Mitigation: Full generic retpoline
[    0.922532] Spectre V2 : Spectre v2 / SpectreRSB mitigation: Filling RSB on context switch
[    0.923533] Speculative Store Bypass: Vulnerable
[    0.924562] MDS: Vulnerable: Clear CPU buffers attempted, no microcode
[    0.955196] Freeing SMP alternatives memory: 40K
[    1.059275] smpboot: CPU0: Intel QEMU Virtual CPU version 2.5+ (family: 0x6, model: 0x6, stepping: 0x3)
[    1.062083] Performance Events: PMU not available due to virtualization, using software events only.
[    1.063701] rcu: Hierarchical SRCU implementation.
[    1.065012] smp: Bringing up secondary CPUs ...
[    1.065538] smp: Brought up 1 node, 1 CPU
[    1.066534] smpboot: Max logical packages: 1
[    1.067536] smpboot: Total of 1 processors activated (4799.99 BogoMIPS)
[    1.071036] devtmpfs: initialized
[    1.084403] clocksource: jiffies: mask: 0xffffffff max_cycles: 0xffffffff, max_idle_ns: 1911260446275000 ns
[    1.084567] futex hash table entries: 256 (order: 2, 16384 bytes, linear)
[    1.086890] PM: RTC time: 15:39:14, date: 2019-11-02
[    1.088948] NET: Registered protocol family 16
[    1.092937] audit: initializing netlink subsys (disabled)
[    1.096465] cpuidle: using governor menu
[    1.096594] audit: type=2000 audit(1572709155.148:1): state=initialized audit_enabled=0 res=1
[    1.098775] ACPI: bus type PCI registered
[    1.101279] PCI: Using configuration type 1 for base access
[    1.174770] HugeTLB registered 2.00 MiB page size, pre-allocated 0 pages
[    1.177219] cryptomgr_test (19) used greatest stack depth: 30912 bytes left
[    1.177931] kworker/u2:0 (21) used greatest stack depth: 28200 bytes left
[    1.195408] ACPI: Added _OSI(Module Device)
[    1.195607] ACPI: Added _OSI(Processor Device)
[    1.196533] ACPI: Added _OSI(3.0 _SCP Extensions)
[    1.197533] ACPI: Added _OSI(Processor Aggregator Device)
[    1.198778] ACPI: Added _OSI(Linux-Dell-Video)
[    1.199708] ACPI: Added _OSI(Linux-Lenovo-NV-HDMI-Audio)
[    1.200575] ACPI: Added _OSI(Linux-HPI-Hybrid-Graphics)
[    1.273502] ACPI: 1 ACPI AML tables successfully acquired and loaded
[    1.288738] ACPI: Interpreter enabled
[    1.290811] ACPI: (supports S0 S3 S4 S5)
[    1.291544] ACPI: Using IOAPIC for interrupt routing
[    1.292796] PCI: Using host bridge windows from ACPI; if necessary, use "pci=nocrs" and report a bug
[    1.299059] ACPI: Enabled 2 GPEs in block 00 to 0F
[    1.453954] ACPI: PCI Root Bridge [PCI0] (domain 0000 [bus 00-ff])
[    1.455635] acpi PNP0A03:00: _OSC: OS supports [ASPM ClockPM Segments MSI HPX-Type3]
[    1.457924] acpi PNP0A03:00: fail to add MMCONFIG information, can't access extended PCI configuration space under this bridge.
[    1.460107] PCI host bridge to bus 0000:00
[    1.460639] pci_bus 0000:00: root bus resource [io  0x0000-0x0cf7 window]
[    1.461621] pci_bus 0000:00: root bus resource [io  0x0d00-0xffff window]
[    1.462557] pci_bus 0000:00: root bus resource [mem 0x000a0000-0x000bffff window]
[    1.463554] pci_bus 0000:00: root bus resource [mem 0x40000000-0xfebfffff window]
[    1.464553] pci_bus 0000:00: root bus resource [mem 0x100000000-0x17fffffff window]
[    1.465572] pci_bus 0000:00: root bus resource [bus 00-ff]
[    1.466954] pci 0000:00:00.0: [8086:1237] type 00 class 0x060000
[    1.474151] pci 0000:00:01.0: [8086:7000] type 00 class 0x060100
[    1.482002] pci 0000:00:01.1: [8086:7010] type 00 class 0x010180
[    1.485882] pci 0000:00:01.1: reg 0x20: [io  0xc040-0xc04f]
[    1.488232] pci 0000:00:01.1: legacy IDE quirk: reg 0x10: [io  0x01f0-0x01f7]
[    1.488536] pci 0000:00:01.1: legacy IDE quirk: reg 0x14: [io  0x03f6]
[    1.489536] pci 0000:00:01.1: legacy IDE quirk: reg 0x18: [io  0x0170-0x0177]
[    1.490535] pci 0000:00:01.1: legacy IDE quirk: reg 0x1c: [io  0x0376]
[    1.496361] pci 0000:00:01.3: [8086:7113] type 00 class 0x068000
[    1.499005] pci 0000:00:01.3: quirk: [io  0x0600-0x063f] claimed by PIIX4 ACPI
[    1.500584] pci 0000:00:01.3: quirk: [io  0x0700-0x070f] claimed by PIIX4 SMB
[    1.508674] pci 0000:00:02.0: [1234:1111] type 00 class 0x030000
[    1.512782] pci 0000:00:02.0: reg 0x10: [mem 0xfd000000-0xfdffffff pref]
[    1.518377] pci 0000:00:02.0: reg 0x18: [mem 0xfebb0000-0xfebb0fff]
[    1.528423] pci 0000:00:02.0: reg 0x30: [mem 0xfeba0000-0xfebaffff pref]
[    1.539714] pci 0000:00:03.0: [8086:100e] type 00 class 0x020000
[    1.541537] pci 0000:00:03.0: reg 0x10: [mem 0xfeb80000-0xfeb9ffff]
[    1.543538] pci 0000:00:03.0: reg 0x14: [io  0xc000-0xc03f]
[    1.548537] pci 0000:00:03.0: reg 0x30: [mem 0xfeb00000-0xfeb7ffff pref]
[    1.579634] ACPI: PCI Interrupt Link [LNKA] (IRQs 5 *10 11)
[    1.585322] ACPI: PCI Interrupt Link [LNKB] (IRQs 5 *10 11)
[    1.590206] ACPI: PCI Interrupt Link [LNKC] (IRQs 5 10 *11)
[    1.595335] ACPI: PCI Interrupt Link [LNKD] (IRQs 5 10 *11)
[    1.598127] ACPI: PCI Interrupt Link [LNKS] (IRQs *9)
[    1.606634] iommu: Default domain type: Translated 
[    1.608874] pci 0000:00:02.0: vgaarb: setting as boot VGA device
[    1.609529] pci 0000:00:02.0: vgaarb: VGA device added: decodes=io+mem,owns=io+mem,locks=none
[    1.609541] pci 0000:00:02.0: vgaarb: bridge control possible
[    1.610533] vgaarb: loaded
[    1.615992] SCSI subsystem initialized
[    1.620078] ACPI: bus type USB registered
[    1.621335] usbcore: registered new interface driver usbfs
[    1.622928] usbcore: registered new interface driver hub
[    1.623863] usbcore: registered new device driver usb
[    1.625716] pps_core: LinuxPPS API ver. 1 registered
[    1.626545] pps_core: Software ver. 5.3.6 - Copyright 2005-2007 Rodolfo Giometti <giometti@linux.it>
[    1.627730] PTP clock support registered
[    1.630266] EDAC MC: Ver: 3.0.0
[    1.634338] Advanced Linux Sound Architecture Driver Initialized.
[    1.636068] PCI: Using ACPI for IRQ routing
[    1.642795] NetLabel: Initializing
[    1.643574] NetLabel:  domain hash size = 128
[    1.644532] NetLabel:  protocols = UNLABELED CIPSOv4 CALIPSO
[    1.647079] NetLabel:  unlabeled traffic allowed by default
[    1.649158] hpet: 3 channels of 0 reserved for per-cpu timers
[    1.649689] hpet0: at MMIO 0xfed00000, IRQs 2, 8, 0
[    1.650548] hpet0: 3 comparators, 64-bit 100.000000 MHz counter
[    1.656656] clocksource: Switched to clocksource kvm-clock
[    2.293403] VFS: Disk quotas dquot_6.6.0
[    2.295224] VFS: Dquot-cache hash table entries: 512 (order 0, 4096 bytes)
[    2.298895] pnp: PnP ACPI init
[    2.319960] pnp: PnP ACPI: found 6 devices
[    2.354901] thermal_sys: Registered thermal governor 'step_wise'
[    2.354903] thermal_sys: Registered thermal governor 'user_space'
[    2.362249] clocksource: acpi_pm: mask: 0xffffff max_cycles: 0xffffff, max_idle_ns: 2085701024 ns
[    2.368279] pci_bus 0000:00: resource 4 [io  0x0000-0x0cf7 window]
[    2.370745] pci_bus 0000:00: resource 5 [io  0x0d00-0xffff window]
[    2.373145] pci_bus 0000:00: resource 6 [mem 0x000a0000-0x000bffff window]
[    2.375810] pci_bus 0000:00: resource 7 [mem 0x40000000-0xfebfffff window]
[    2.378493] pci_bus 0000:00: resource 8 [mem 0x100000000-0x17fffffff window]
[    2.382741] NET: Registered protocol family 2
[    2.386982] tcp_listen_portaddr_hash hash table entries: 512 (order: 1, 8192 bytes, linear)
[    2.390340] TCP established hash table entries: 8192 (order: 4, 65536 bytes, linear)
[    2.393498] TCP bind hash table entries: 8192 (order: 5, 131072 bytes, linear)
[    2.396442] TCP: Hash tables configured (established 8192 bind 8192)
[    2.399238] UDP hash table entries: 512 (order: 2, 16384 bytes, linear)
[    2.401855] UDP-Lite hash table entries: 512 (order: 2, 16384 bytes, linear)
[    2.405470] NET: Registered protocol family 1
[    2.409192] RPC: Registered named UNIX socket transport module.
[    2.411560] RPC: Registered udp transport module.
[    2.413465] RPC: Registered tcp transport module.
[    2.415333] RPC: Registered tcp NFSv4.1 backchannel transport module.
[    2.419137] pci 0000:00:01.0: PIIX3: Enabling Passive Release
[    2.421507] pci 0000:00:00.0: Limiting direct PCI/PCI transfers
[    2.423883] pci 0000:00:01.0: Activating ISA DMA hang workarounds
[    2.426498] pci 0000:00:02.0: Video device with shadowed ROM at [mem 0x000c0000-0x000dffff]
[    2.429788] PCI: CLS 0 bytes, default 64
[    2.432612] clocksource: tsc: mask: 0xffffffffffffffff max_cycles: 0x229835b7123, max_idle_ns: 440795242976 ns
[    2.438277] check: Scanning for low memory corruption every 60 seconds
[    2.446313] Initialise system trusted keyrings
[    2.449791] workingset: timestamp_bits=56 max_order=18 bucket_order=0
[    2.539142] NFS: Registering the id_resolver key type
[    2.541245] Key type id_resolver registered
[    2.542923] Key type id_legacy registered
[    2.545351] 9p: Installing v9fs 9p2000 file system support
[    2.556926] Key type asymmetric registered
[    2.558652] Asymmetric key parser 'x509' registered
[    2.560770] Block layer SCSI generic (bsg) driver version 0.4 loaded (major 251)
[    2.563653] io scheduler mq-deadline registered
[    2.565402] io scheduler kyber registered
[    2.571499] input: Power Button as /devices/LNXSYSTM:00/LNXPWRBN:00/input/input0
[    2.575135] ACPI: Power Button [PWRF]
[    2.579761] Serial: 8250/16550 driver, 4 ports, IRQ sharing enabled
[    2.609310] 00:05: ttyS0 at I/O 0x3f8 (irq = 4, base_baud = 115200) is a 16550A
[    2.618227] Non-volatile memory driver v1.3
[    2.620302] Linux agpgart interface v0.103
[    2.667422] loop: module loaded
[    2.681006] scsi host0: ata_piix
[    2.684729] scsi host1: ata_piix
[    2.687078] ata1: PATA max MWDMA2 cmd 0x1f0 ctl 0x3f6 bmdma 0xc040 irq 14
[    2.689360] ata2: PATA max MWDMA2 cmd 0x170 ctl 0x376 bmdma 0xc048 irq 15
[    2.695384] e100: Intel(R) PRO/100 Network Driver, 3.5.24-k2-NAPI
[    2.697595] e100: Copyright(c) 1999-2006 Intel Corporation
[    2.699832] e1000: Intel(R) PRO/1000 Network Driver - version 7.3.21-k8-NAPI
[    2.702224] e1000: Copyright (c) 1999-2006 Intel Corporation.
[    2.849909] ata1.00: ATA-7: QEMU HARDDISK, 2.5+, max UDMA/100
[    2.851873] ata1.00: 2097152 sectors, multi 16: LBA48 
[    2.854056] ata2.00: ATAPI: QEMU DVD-ROM, 2.5+, max UDMA/100
[    2.861819] scsi 0:0:0:0: Direct-Access     ATA      QEMU HARDDISK    2.5+ PQ: 0 ANSI: 5
[    2.869738] scsi 0:0:0:0: Attached scsi generic sg0 type 0
[    2.873987] sd 0:0:0:0: [sda] 2097152 512-byte logical blocks: (1.07 GB/1.00 GiB)
[    2.877704] sd 0:0:0:0: [sda] Write Protect is off
[    2.881805] scsi 1:0:0:0: CD-ROM            QEMU     QEMU DVD-ROM     2.5+ PQ: 0 ANSI: 5
[    2.886233] sd 0:0:0:0: [sda] Write cache: enabled, read cache: enabled, doesn't support DPO or FUA
[    2.908152] sr 1:0:0:0: [sr0] scsi3-mmc drive: 4x/4x cd/rw xa/form2 tray
[    2.910475] cdrom: Uniform CD-ROM driver Revision: 3.20
[    2.913636] sd 0:0:0:0: [sda] Attached SCSI disk
[    2.929677] sr 1:0:0:0: Attached scsi generic sg1 type 5
[    6.845233] PCI Interrupt Link [LNKC] enabled at IRQ 11
[    7.312617] e1000 0000:00:03.0 eth0: (PCI:33MHz:32-bit) 52:54:00:12:34:56
[    7.314968] e1000 0000:00:03.0 eth0: Intel(R) PRO/1000 Network Connection
[    7.317785] e1000e: Intel(R) PRO/1000 Network Driver - 3.2.6-k
[    7.320491] e1000e: Copyright(c) 1999 - 2015 Intel Corporation.
[    7.322779] sky2: driver version 1.30
[    7.326005] ehci_hcd: USB 2.0 'Enhanced' Host Controller (EHCI) Driver
[    7.328397] ehci-pci: EHCI PCI platform driver
[    7.330108] ohci_hcd: USB 1.1 'Open' Host Controller (OHCI) Driver
[    7.332317] ohci-pci: OHCI PCI platform driver
[    7.334029] uhci_hcd: USB Universal Host Controller Interface driver
[    7.337411] usbcore: registered new interface driver usblp
[    7.339619] usbcore: registered new interface driver usb-storage
[    7.342108] i8042: PNP: PS/2 Controller [PNP0303:KBD,PNP0f13:MOU] at 0x60,0x64 irq 1,12
[    7.347245] serio: i8042 KBD port at 0x60,0x64 irq 1
[    7.349044] serio: i8042 AUX port at 0x60,0x64 irq 12
[    7.354113] input: AT Translated Set 2 keyboard as /devices/platform/i8042/serio0/input/input1
[    7.357624] rtc_cmos 00:00: RTC can wake from S4
[    7.366124] rtc_cmos 00:00: registered as rtc0
[    7.372092] rtc_cmos 00:00: alarms up to one day, y3k, 114 bytes nvram, hpet irqs
[    7.377434] device-mapper: ioctl: 4.41.0-ioctl (2019-09-16) initialised: dm-devel@redhat.com
[    7.380212] intel_pstate: CPU model not supported
[    7.382119] hidraw: raw HID events driver (C) Jiri Kosina
[    7.387186] usbcore: registered new interface driver usbhid
[    7.389177] usbhid: USB HID core driver
[    7.395865] Initializing XFRM netlink socket
[    7.401689] NET: Registered protocol family 10
[    7.407949] Segment Routing with IPv6
[    7.410726] sit: IPv6, IPv4 and MPLS over IPv4 tunneling driver
[    7.415367] NET: Registered protocol family 17
[    7.417821] 9pnet: Installing 9P2000 support
[    7.419612] Key type dns_resolver registered
[    7.422424] IPI shorthand broadcast: enabled
[    7.424030] sched_clock: Marking stable (7192955467, 230959883)->(7565873903, -141958553)
[    7.427688] registered taskstats version 1
[    7.429199] Loading compiled-in X.509 certificates
[    7.431072] kmemleak: Kernel memory leak detector initialized (mem pool available: 14569)
[    7.433955] kmemleak: Automatic memory scanning thread started
[    7.446733] PM:   Magic number: 11:902:688
[    7.448365] printk: console [netcon0] enabled
[    7.449937] netconsole: network logging started
[    7.452750] cfg80211: Loading compiled-in X.509 certificates for regulatory database
[    7.458361] cfg80211: Loaded X.509 cert 'sforshee: 00b28ddf47aef9cea7'
[    7.461198] platform regulatory.0: Direct firmware load for regulatory.db failed with error -2
[    7.464482] ALSA device list:
[    7.465762] cfg80211: failed to load regulatory.db
[    7.467611]   No soundcards found.
[    7.782985] random: fast init done
[    7.994126] input: ImExPS/2 Generic Explorer Mouse as /devices/platform/i8042/serio1/input/input3
[    7.998477] md: Waiting for all devices to be available before autodetect
[    8.000880] md: If you don't use raid, use raid=noautodetect
[    8.006203] md: Autodetecting RAID arrays.
[    8.007837] md: autorun ...
[    8.008968] md: ... autorun DONE.
[    8.012842] EXT4-fs (sda): mounting ext2 file system using the ext4 subsystem
[    8.023450] EXT4-fs (sda): mounted filesystem without journal. Opts: (null)
[    8.026061] VFS: Mounted root (ext2 filesystem) on device 8:0.
[    8.030995] devtmpfs: mounted
[    8.033936] Freeing unused kernel image memory: 1752K
[    8.035856] Write protecting the kernel read-only data: 32768k
[    8.043726] Freeing unused kernel image memory: 2004K
[    8.046282] Freeing unused kernel image memory: 1840K
[    8.048105] Run /sbin/init as init process
SELinux:  Could not open policy file <= /etc/selinux/targeted/policy/policy.31:  No such file or directory
INIT: version 2.93 booting
INIT: /etc/inittab[45]: id field too long (max 4 characters)
[    8.155512] stty (97) used greatest stack depth: 26520 bytes left
[[36minfo[39;49m] Using makefile-style concurrent boot in runlevel S.
ERROR: could not open /proc/stat: No such file or directory
[[36minfo[39;49m] Setting the system clock.
[[36minfo[39;49m] System Clock set to: Sat Nov  2 15:39:23 UTC 2019.
[....] Activating swap...[?25l[?1c7[1G[[32m ok [39;49m8[?25h[?0cdone.
[    9.173958] EXT4-fs (sda): re-mounted. Opts: (null)
[....] Creating compatibility symlink from /etc/mtab to /proc/mounts. ...[?25l[?1c7[1G[[33mwarn[39;49m8[?25h[?0c [33m(warning).[39;49m
[....] Checking file systems...fsck from util-linux 2.33.1
[    9.838733] logsave (472) used greatest stack depth: 26120 bytes left
[?25l[?1c7[1G[[32m ok [39;49m8[?25h[?0cdone.
[....] Cleaning up temporary files...[    9.927865] random: crng init done
 /tmp[?25l[?1c7[1G[[32m ok [39;49m8[?25h[?0c.
[....] Mounting local filesystems...[?25l[?1c7[1G[[32m ok [39;49m8[?25h[?0cdone.
[....] Activating swapfile swap...[?25l[?1c7[1G[[32m ok [39;49m8[?25h[?0cdone.
[....] Cleaning up temporary files...[?25l[?1c7[1G[[32m ok [39;49m8[?25h[?0c.
[....] Cleaning up temporary files...[?25l[?1c7[1G[[32m ok [39;49m8[?25h[?0c.
[   10.843822] rc (96) used greatest stack depth: 25848 bytes left
+ dmesg+ wc -l

+ lines=388
+ echo 8
+ insmod ./execves.ko
[   10.918804] execves: loading out-of-tree module taints kernel.
[   10.922197] execves: init
+ gcc test.c -o test
+ ./test
[   11.292364] In syscall
[   11.293346] execves: called ./test.sh
execves returned 0
+ rmmod execves
rmmod: ERROR: ../libkmod/libkmod.c:514 lookup_builtin_file() could not open builtin file '/lib/modules/5.4.0-rc1+/modules.builtin.bin'
[   11.306806] execves: exit
+ tail -n +388
+ dmesg
[   10.843822] rc (96) used greatest stack depth: 25848 bytes left
[   10.918804] execves: loading out-of-tree module taints kernel.
[   10.922197] execves: init
[   11.292364] In syscall
[   11.293346] execves: called ./test.sh
[   11.306806] execves: exit
+ shutdown -h now
INIT: Switching to runlevel: 0
INIT: /etc/inittab[45]: id field too long (max 4 characters)
INIT: Sending processes configured via /etc/inittab the TERM signal
[[36minfo[39;49m] Using makefile-style concurrent boot in runlevel 0.
[[36minfo[39;49m] Saving the system clock.
[[36minfo[39;49m] Hardware Clock updated to Sat Nov  2 15:39:25 UTC 2019.
[....] Asking all remaining processes to terminate...[?25l[?1c7[1G[[32m ok [39;49m8[?25h[?0cdone.
[....] All processes ended within 1 seconds...[?25l[?1c7[1G[[32m ok [39;49m8[?25h[?0cdone.
[....] Deactivating swap...[?25l[?1c7[1G[[32m ok [39;49m8[?25h[?0cdone.
[   11.946507] EXT4-fs (sda): re-mounted. Opts: (null)
[[36minfo[39;49m] Will now halt.
[   13.015775] sd 0:0:0:0: [sda] Synchronizing SCSI cache
[   13.018018] sd 0:0:0:0: [sda] Stopping disk
[   16.565304] ACPI: Preparing to enter system sleep state S5
[   16.568857] reboot: Power down
[   16.573893] acpi_power_off called
