[    0.000000] Linux version 5.4.0-rc1+ (grayson5@fa19-cs523-46) (gcc version 7.4.0 (Ubuntu 7.4.0-1ubuntu1~18.04.1)) #9 SMP Tue Oct 22 17:15:46 CDT 2019
[    0.000000] Command line: console=ttyS0 root=/dev/sda kernel.panic=-1 rw single nokaslr
[    0.000000] x86/fpu: x87 FPU will use FXSAVE
[    0.000000] BIOS-provided physical RAM map:
[    0.000000] BIOS-e820: [mem 0x0000000000000000-0x000000000009fbff] usable
[    0.000000] BIOS-e820: [mem 0x000000000009fc00-0x000000000009ffff] reserved
[    0.000000] BIOS-e820: [mem 0x00000000000f0000-0x00000000000fffff] reserved
[    0.000000] BIOS-e820: [mem 0x0000000000100000-0x000000003ffdffff] usable
[    0.000000] BIOS-e820: [mem 0x000000003ffe0000-0x000000003fffffff] reserved
[    0.000000] BIOS-e820: [mem 0x00000000feffc000-0x00000000feffffff] reserved
[    0.000000] BIOS-e820: [mem 0x00000000fffc0000-0x00000000ffffffff] reserved
[    0.000000] NX (Execute Disable) protection: active
[    0.000000] SMBIOS 2.8 present.
[    0.000000] DMI: QEMU Standard PC (i440FX + PIIX, 1996), BIOS 1.10.2-1ubuntu1 04/01/2014
[    0.000000] Hypervisor detected: KVM
[    0.000000] kvm-clock: Using msrs 4b564d01 and 4b564d00
[    0.000001] kvm-clock: cpu 0, msr 467b001, primary cpu clock
[    0.000001] kvm-clock: using sched offset of 676401839 cycles
[    0.000035] clocksource: kvm-clock: mask: 0xffffffffffffffff max_cycles: 0x1cd42e4dffb, max_idle_ns: 881590591483 ns
[    0.000079] tsc: Detected 2400.000 MHz processor
[    0.003476] last_pfn = 0x3ffe0 max_arch_pfn = 0x400000000
[    0.003715] x86/PAT: PAT not supported by CPU.
[    0.003767] x86/PAT: Configuration [0-7]: WB  WT  UC- UC  WB  WT  UC- UC  
[    0.014422] found SMP MP-table at [mem 0x000f6aa0-0x000f6aaf]
[    0.014648] check: Scanning 1 areas for low memory corruption
[    0.015282] ACPI: Early table checksum verification disabled
[    0.015355] ACPI: RSDP 0x00000000000F68C0 000014 (v00 BOCHS )
[    0.015374] ACPI: RSDT 0x000000003FFE15FC 000030 (v01 BOCHS  BXPCRSDT 00000001 BXPC 00000001)
[    0.015383] ACPI: FACP 0x000000003FFE1458 000074 (v01 BOCHS  BXPCFACP 00000001 BXPC 00000001)
[    0.015415] ACPI: DSDT 0x000000003FFE0040 001418 (v01 BOCHS  BXPCDSDT 00000001 BXPC 00000001)
[    0.015422] ACPI: FACS 0x000000003FFE0000 000040
[    0.015427] ACPI: APIC 0x000000003FFE154C 000078 (v01 BOCHS  BXPCAPIC 00000001 BXPC 00000001)
[    0.015434] ACPI: HPET 0x000000003FFE15C4 000038 (v01 BOCHS  BXPCHPET 00000001 BXPC 00000001)
[    0.016806] No NUMA configuration found
[    0.016809] Faking a node at [mem 0x0000000000000000-0x000000003ffdffff]
[    0.016861] NODE_DATA(0) allocated [mem 0x3ffdc000-0x3ffdffff]
[    0.019548] Zone ranges:
[    0.019561]   DMA      [mem 0x0000000000001000-0x0000000000ffffff]
[    0.019565]   DMA32    [mem 0x0000000001000000-0x000000003ffdffff]
[    0.019567]   Normal   empty
[    0.019569] Movable zone start for each node
[    0.019571] Early memory node ranges
[    0.019573]   node   0: [mem 0x0000000000001000-0x000000000009efff]
[    0.019575]   node   0: [mem 0x0000000000100000-0x000000003ffdffff]
[    0.022074] Zeroed struct page in unavailable ranges: 98 pages
[    0.022077] Initmem setup node 0 [mem 0x0000000000001000-0x000000003ffdffff]
[    0.499122] kasan: KernelAddressSanitizer initialized
[    0.500229] ACPI: PM-Timer IO Port: 0x608
[    0.500266] ACPI: LAPIC_NMI (acpi_id[0xff] dfl dfl lint[0x1])
[    0.500431] IOAPIC[0]: apic_id 0, version 17, address 0xfec00000, GSI 0-23
[    0.500447] ACPI: INT_SRC_OVR (bus 0 bus_irq 0 global_irq 2 dfl dfl)
[    0.500450] ACPI: INT_SRC_OVR (bus 0 bus_irq 5 global_irq 5 high level)
[    0.500453] ACPI: INT_SRC_OVR (bus 0 bus_irq 9 global_irq 9 high level)
[    0.500466] ACPI: INT_SRC_OVR (bus 0 bus_irq 10 global_irq 10 high level)
[    0.500468] ACPI: INT_SRC_OVR (bus 0 bus_irq 11 global_irq 11 high level)
[    0.500488] Using ACPI (MADT) for SMP configuration information
[    0.500491] ACPI: HPET id: 0x8086a201 base: 0xfed00000
[    0.500562] smpboot: Allowing 1 CPUs, 0 hotplug CPUs
[    0.500703] PM: Registered nosave memory: [mem 0x00000000-0x00000fff]
[    0.500708] PM: Registered nosave memory: [mem 0x0009f000-0x0009ffff]
[    0.500709] PM: Registered nosave memory: [mem 0x000a0000-0x000effff]
[    0.500711] PM: Registered nosave memory: [mem 0x000f0000-0x000fffff]
[    0.500725] [mem 0x40000000-0xfeffbfff] available for PCI devices
[    0.500727] Booting paravirtualized kernel on KVM
[    0.500759] clocksource: refined-jiffies: mask: 0xffffffff max_cycles: 0xffffffff, max_idle_ns: 1910969940391419 ns
[    1.015131] setup_percpu: NR_CPUS:64 nr_cpumask_bits:64 nr_cpu_ids:1 nr_node_ids:1
[    1.016960] percpu: Embedded 59 pages/cpu s204504 r8192 d28968 u2097152
[    1.017077] KVM setup async PF for cpu 0
[    1.017096] kvm-stealtime: cpu 0, msr 3621f1c0
[    1.017114] Built 1 zonelists, mobility grouping on.  Total pages: 257897
[    1.017115] Policy zone: DMA32
[    1.017129] Kernel command line: console=ttyS0 root=/dev/sda kernel.panic=-1 rw single nokaslr
[    1.018796] Dentry cache hash table entries: 131072 (order: 8, 1048576 bytes, linear)
[    1.018856] Inode-cache hash table entries: 65536 (order: 7, 524288 bytes, linear)
[    1.019026] mem auto-init: stack:off, heap alloc:off, heap free:off
[    1.044368] Memory: 816116K/1048056K available (22532K kernel code, 14565K rwdata, 6352K rodata, 1752K init, 16024K bss, 231940K reserved, 0K cma-reserved)
[    1.046342] SLUB: HWalign=64, Order=0-3, MinObjects=0, CPUs=1, Nodes=1
[    1.046457] Kernel/User page tables isolation: enabled
[    1.048413] rcu: Hierarchical RCU implementation.
[    1.048416] rcu: 	RCU event tracing is enabled.
[    1.048429] rcu: 	RCU restricting CPUs from NR_CPUS=64 to nr_cpu_ids=1.
[    1.048441] rcu: RCU calculated value of scheduler-enlistment delay is 100 jiffies.
[    1.048443] rcu: Adjusting geometry for rcu_fanout_leaf=16, nr_cpu_ids=1
[    1.057256] NR_IRQS: 4352, nr_irqs: 256, preallocated irqs: 16
[    1.058045] random: get_random_bytes called from start_kernel+0x397/0x647 with crng_init=0
[    1.077786] Console: colour VGA+ 80x25
[    1.253740] printk: console [ttyS0] enabled
[    1.255404] ACPI: Core revision 20190816
[    1.258406] clocksource: hpet: mask: 0xffffffff max_cycles: 0xffffffff, max_idle_ns: 19112604467 ns
[    1.262275] APIC: Switch to symmetric I/O mode setup
[    1.268945] ..TIMER: vector=0x30 apic1=0 pin1=2 apic2=-1 pin2=-1
[    1.271024] clocksource: tsc-early: mask: 0xffffffffffffffff max_cycles: 0x22983777dd9, max_idle_ns: 440795300422 ns
[    1.274633] Calibrating delay loop (skipped) preset value.. 4800.00 BogoMIPS (lpj=2400000)
[    1.275636] pid_max: default: 32768 minimum: 301
[    1.277945] LSM: Security Framework initializing
[    1.279729] SELinux:  Initializing.
[    1.281882] Mount-cache hash table entries: 2048 (order: 2, 16384 bytes, linear)
[    1.282632] Mountpoint-cache hash table entries: 2048 (order: 2, 16384 bytes, linear)
[    1.287624] Last level iTLB entries: 4KB 0, 2MB 0, 4MB 0
[    1.288620] Last level dTLB entries: 4KB 0, 2MB 0, 4MB 0, 1GB 0
[    1.289640] Spectre V1 : Mitigation: usercopy/swapgs barriers and __user pointer sanitization
[    1.290637] Spectre V2 : Mitigation: Full generic retpoline
[    1.291620] Spectre V2 : Spectre v2 / SpectreRSB mitigation: Filling RSB on context switch
[    1.292621] Speculative Store Bypass: Vulnerable
[    1.293624] MDS: Vulnerable: Clear CPU buffers attempted, no microcode
[    1.302129] Freeing SMP alternatives memory: 40K
[    1.405616] smpboot: CPU0: Intel QEMU Virtual CPU version 2.5+ (family: 0x6, model: 0x6, stepping: 0x3)
[    1.407969] Performance Events: PMU not available due to virtualization, using software events only.
[    1.408956] rcu: Hierarchical SRCU implementation.
[    1.410129] smp: Bringing up secondary CPUs ...
[    1.410626] smp: Brought up 1 node, 1 CPU
[    1.411622] smpboot: Max logical packages: 1
[    1.412623] smpboot: Total of 1 processors activated (4800.00 BogoMIPS)
[    1.416208] devtmpfs: initialized
[    1.457028] clocksource: jiffies: mask: 0xffffffff max_cycles: 0xffffffff, max_idle_ns: 1911260446275000 ns
[    1.457645] futex hash table entries: 256 (order: 2, 16384 bytes, linear)
[    1.460397] PM: RTC time: 23:17:08, date: 2019-10-22
[    1.462754] NET: Registered protocol family 16
[    1.466956] audit: initializing netlink subsys (disabled)
[    1.470547] cpuidle: using governor menu
[    1.470694] audit: type=2000 audit(1571786228.740:1): state=initialized audit_enabled=0 res=1
[    1.473195] ACPI: bus type PCI registered
[    1.474877] PCI: Using configuration type 1 for base access
[    1.545400] HugeTLB registered 2.00 MiB page size, pre-allocated 0 pages
[    1.546239] cryptomgr_test (19) used greatest stack depth: 30912 bytes left
[    1.546896] kworker/u2:0 (21) used greatest stack depth: 28168 bytes left
[    1.563751] ACPI: Added _OSI(Module Device)
[    1.564680] ACPI: Added _OSI(Processor Device)
[    1.565621] ACPI: Added _OSI(3.0 _SCP Extensions)
[    1.566620] ACPI: Added _OSI(Processor Aggregator Device)
[    1.567782] ACPI: Added _OSI(Linux-Dell-Video)
[    1.568691] ACPI: Added _OSI(Linux-Lenovo-NV-HDMI-Audio)
[    1.569707] ACPI: Added _OSI(Linux-HPI-Hybrid-Graphics)
[    1.644461] ACPI: 1 ACPI AML tables successfully acquired and loaded
[    1.659325] ACPI: Interpreter enabled
[    1.660018] ACPI: (supports S0 S3 S4 S5)
[    1.660718] ACPI: Using IOAPIC for interrupt routing
[    1.661926] PCI: Using host bridge windows from ACPI; if necessary, use "pci=nocrs" and report a bug
[    1.667334] ACPI: Enabled 2 GPEs in block 00 to 0F
[    1.827892] ACPI: PCI Root Bridge [PCI0] (domain 0000 [bus 00-ff])
[    1.828801] acpi PNP0A03:00: _OSC: OS supports [ASPM ClockPM Segments MSI HPX-Type3]
[    1.831081] acpi PNP0A03:00: fail to add MMCONFIG information, can't access extended PCI configuration space under this bridge.
[    1.833026] PCI host bridge to bus 0000:00
[    1.833747] pci_bus 0000:00: root bus resource [io  0x0000-0x0cf7 window]
[    1.834711] pci_bus 0000:00: root bus resource [io  0x0d00-0xffff window]
[    1.835659] pci_bus 0000:00: root bus resource [mem 0x000a0000-0x000bffff window]
[    1.836643] pci_bus 0000:00: root bus resource [mem 0x40000000-0xfebfffff window]
[    1.837645] pci_bus 0000:00: root bus resource [mem 0x100000000-0x17fffffff window]
[    1.838642] pci_bus 0000:00: root bus resource [bus 00-ff]
[    1.839960] pci 0000:00:00.0: [8086:1237] type 00 class 0x060000
[    1.848205] pci 0000:00:01.0: [8086:7000] type 00 class 0x060100
[    1.856289] pci 0000:00:01.1: [8086:7010] type 00 class 0x010180
[    1.860339] pci 0000:00:01.1: reg 0x20: [io  0xc040-0xc04f]
[    1.862561] pci 0000:00:01.1: legacy IDE quirk: reg 0x10: [io  0x01f0-0x01f7]
[    1.862623] pci 0000:00:01.1: legacy IDE quirk: reg 0x14: [io  0x03f6]
[    1.863623] pci 0000:00:01.1: legacy IDE quirk: reg 0x18: [io  0x0170-0x0177]
[    1.864622] pci 0000:00:01.1: legacy IDE quirk: reg 0x1c: [io  0x0376]
[    1.871051] pci 0000:00:01.3: [8086:7113] type 00 class 0x068000
[    1.873501] pci 0000:00:01.3: quirk: [io  0x0600-0x063f] claimed by PIIX4 ACPI
[    1.873672] pci 0000:00:01.3: quirk: [io  0x0700-0x070f] claimed by PIIX4 SMB
[    1.882680] pci 0000:00:02.0: [1234:1111] type 00 class 0x030000
[    1.886712] pci 0000:00:02.0: reg 0x10: [mem 0xfd000000-0xfdffffff pref]
[    1.891740] pci 0000:00:02.0: reg 0x18: [mem 0xfebb0000-0xfebb0fff]
[    1.899707] pci 0000:00:02.0: reg 0x30: [mem 0xfeba0000-0xfebaffff pref]
[    1.909249] pci 0000:00:03.0: [8086:100e] type 00 class 0x020000
[    1.911014] pci 0000:00:03.0: reg 0x10: [mem 0xfeb80000-0xfeb9ffff]
[    1.912624] pci 0000:00:03.0: reg 0x14: [io  0xc000-0xc03f]
[    1.918229] pci 0000:00:03.0: reg 0x30: [mem 0xfeb00000-0xfeb7ffff pref]
[    1.943147] ACPI: PCI Interrupt Link [LNKA] (IRQs 5 *10 11)
[    1.948023] ACPI: PCI Interrupt Link [LNKB] (IRQs 5 *10 11)
[    1.952875] ACPI: PCI Interrupt Link [LNKC] (IRQs 5 10 *11)
[    1.957865] ACPI: PCI Interrupt Link [LNKD] (IRQs 5 10 *11)
[    1.960280] ACPI: PCI Interrupt Link [LNKS] (IRQs *9)
[    1.966054] iommu: Default domain type: Translated 
[    1.967298] pci 0000:00:02.0: vgaarb: setting as boot VGA device
[    1.967616] pci 0000:00:02.0: vgaarb: VGA device added: decodes=io+mem,owns=io+mem,locks=none
[    1.967646] pci 0000:00:02.0: vgaarb: bridge control possible
[    1.968638] vgaarb: loaded
[    1.973948] SCSI subsystem initialized
[    1.976819] ACPI: bus type USB registered
[    1.978948] usbcore: registered new interface driver usbfs
[    1.979927] usbcore: registered new interface driver hub
[    1.980781] usbcore: registered new device driver usb
[    1.983168] pps_core: LinuxPPS API ver. 1 registered
[    1.983636] pps_core: Software ver. 5.3.6 - Copyright 2005-2007 Rodolfo Giometti <giometti@linux.it>
[    1.985737] PTP clock support registered
[    1.987667] EDAC MC: Ver: 3.0.0
[    1.990780] Advanced Linux Sound Architecture Driver Initialized.
[    1.992045] PCI: Using ACPI for IRQ routing
[    1.999309] NetLabel: Initializing
[    1.999630] NetLabel:  domain hash size = 128
[    2.000621] NetLabel:  protocols = UNLABELED CIPSOv4 CALIPSO
[    2.002004] NetLabel:  unlabeled traffic allowed by default
[    2.005404] hpet: 3 channels of 0 reserved for per-cpu timers
[    2.005707] hpet0: at MMIO 0xfed00000, IRQs 2, 8, 0
[    2.006641] hpet0: 3 comparators, 64-bit 100.000000 MHz counter
[    2.010744] clocksource: Switched to clocksource kvm-clock
[    2.649523] VFS: Disk quotas dquot_6.6.0
[    2.651114] VFS: Dquot-cache hash table entries: 512 (order 0, 4096 bytes)
[    2.654313] pnp: PnP ACPI init
[    2.675180] pnp: PnP ACPI: found 6 devices
[    2.709395] thermal_sys: Registered thermal governor 'step_wise'
[    2.709397] thermal_sys: Registered thermal governor 'user_space'
[    2.716565] clocksource: acpi_pm: mask: 0xffffff max_cycles: 0xffffff, max_idle_ns: 2085701024 ns
[    2.721603] pci_bus 0000:00: resource 4 [io  0x0000-0x0cf7 window]
[    2.723723] pci_bus 0000:00: resource 5 [io  0x0d00-0xffff window]
[    2.725738] pci_bus 0000:00: resource 6 [mem 0x000a0000-0x000bffff window]
[    2.727972] pci_bus 0000:00: resource 7 [mem 0x40000000-0xfebfffff window]
[    2.730269] pci_bus 0000:00: resource 8 [mem 0x100000000-0x17fffffff window]
[    2.734097] NET: Registered protocol family 2
[    2.738255] tcp_listen_portaddr_hash hash table entries: 512 (order: 1, 8192 bytes, linear)
[    2.741034] TCP established hash table entries: 8192 (order: 4, 65536 bytes, linear)
[    2.743789] TCP bind hash table entries: 8192 (order: 5, 131072 bytes, linear)
[    2.746216] TCP: Hash tables configured (established 8192 bind 8192)
[    2.748759] UDP hash table entries: 512 (order: 2, 16384 bytes, linear)
[    2.750980] UDP-Lite hash table entries: 512 (order: 2, 16384 bytes, linear)
[    2.754304] NET: Registered protocol family 1
[    2.757697] RPC: Registered named UNIX socket transport module.
[    2.759738] RPC: Registered udp transport module.
[    2.761284] RPC: Registered tcp transport module.
[    2.762825] RPC: Registered tcp NFSv4.1 backchannel transport module.
[    2.766105] pci 0000:00:01.0: PIIX3: Enabling Passive Release
[    2.768083] pci 0000:00:00.0: Limiting direct PCI/PCI transfers
[    2.770135] pci 0000:00:01.0: Activating ISA DMA hang workarounds
[    2.772362] pci 0000:00:02.0: Video device with shadowed ROM at [mem 0x000c0000-0x000dffff]
[    2.775246] PCI: CLS 0 bytes, default 64
[    2.777781] clocksource: tsc: mask: 0xffffffffffffffff max_cycles: 0x22983777dd9, max_idle_ns: 440795300422 ns
[    2.783124] check: Scanning for low memory corruption every 60 seconds
[    2.791185] Initialise system trusted keyrings
[    2.796166] workingset: timestamp_bits=56 max_order=18 bucket_order=0
[    2.888067] NFS: Registering the id_resolver key type
[    2.890168] Key type id_resolver registered
[    2.891760] Key type id_legacy registered
[    2.894044] 9p: Installing v9fs 9p2000 file system support
[    2.905451] Key type asymmetric registered
[    2.907089] Asymmetric key parser 'x509' registered
[    2.909153] Block layer SCSI generic (bsg) driver version 0.4 loaded (major 251)
[    2.912019] io scheduler mq-deadline registered
[    2.913914] io scheduler kyber registered
[    2.920416] input: Power Button as /devices/LNXSYSTM:00/LNXPWRBN:00/input/input0
[    2.924104] ACPI: Power Button [PWRF]
[    2.928859] Serial: 8250/16550 driver, 4 ports, IRQ sharing enabled
[    2.958722] 00:05: ttyS0 at I/O 0x3f8 (irq = 4, base_baud = 115200) is a 16550A
[    2.967616] Non-volatile memory driver v1.3
[    2.969820] Linux agpgart interface v0.103
[    3.019352] loop: module loaded
[    3.033388] scsi host0: ata_piix
[    3.037160] scsi host1: ata_piix
[    3.039804] ata1: PATA max MWDMA2 cmd 0x1f0 ctl 0x3f6 bmdma 0xc040 irq 14
[    3.042362] ata2: PATA max MWDMA2 cmd 0x170 ctl 0x376 bmdma 0xc048 irq 15
[    3.048873] e100: Intel(R) PRO/100 Network Driver, 3.5.24-k2-NAPI
[    3.051185] e100: Copyright(c) 1999-2006 Intel Corporation
[    3.053502] e1000: Intel(R) PRO/1000 Network Driver - version 7.3.21-k8-NAPI
[    3.056192] e1000: Copyright (c) 1999-2006 Intel Corporation.
[    3.203382] ata2.00: ATAPI: QEMU DVD-ROM, 2.5+, max UDMA/100
[    3.206105] ata1.00: ATA-7: QEMU HARDDISK, 2.5+, max UDMA/100
[    3.208234] ata1.00: 2097152 sectors, multi 16: LBA48 
[    3.216547] scsi 0:0:0:0: Direct-Access     ATA      QEMU HARDDISK    2.5+ PQ: 0 ANSI: 5
[    3.225182] scsi 0:0:0:0: Attached scsi generic sg0 type 0
[    3.228919] sd 0:0:0:0: [sda] 2097152 512-byte logical blocks: (1.07 GB/1.00 GiB)
[    3.233792] sd 0:0:0:0: [sda] Write Protect is off
[    3.238009] scsi 1:0:0:0: CD-ROM            QEMU     QEMU DVD-ROM     2.5+ PQ: 0 ANSI: 5
[    3.243369] sd 0:0:0:0: [sda] Write cache: enabled, read cache: enabled, doesn't support DPO or FUA
[    3.265430] sr 1:0:0:0: [sr0] scsi3-mmc drive: 4x/4x cd/rw xa/form2 tray
[    3.268102] cdrom: Uniform CD-ROM driver Revision: 3.20
[    3.272160] sd 0:0:0:0: [sda] Attached SCSI disk
[    3.290777] sr 1:0:0:0: Attached scsi generic sg1 type 5
[    7.390143] PCI Interrupt Link [LNKC] enabled at IRQ 11
[    7.852175] e1000 0000:00:03.0 eth0: (PCI:33MHz:32-bit) 52:54:00:12:34:56
[    7.854740] e1000 0000:00:03.0 eth0: Intel(R) PRO/1000 Network Connection
[    7.857834] e1000e: Intel(R) PRO/1000 Network Driver - 3.2.6-k
[    7.860153] e1000e: Copyright(c) 1999 - 2015 Intel Corporation.
[    7.862783] sky2: driver version 1.30
[    7.866684] ehci_hcd: USB 2.0 'Enhanced' Host Controller (EHCI) Driver
[    7.869168] ehci-pci: EHCI PCI platform driver
[    7.871007] ohci_hcd: USB 1.1 'Open' Host Controller (OHCI) Driver
[    7.873410] ohci-pci: OHCI PCI platform driver
[    7.875284] uhci_hcd: USB Universal Host Controller Interface driver
[    7.879019] usbcore: registered new interface driver usblp
[    7.881359] usbcore: registered new interface driver usb-storage
[    7.884105] i8042: PNP: PS/2 Controller [PNP0303:KBD,PNP0f13:MOU] at 0x60,0x64 irq 1,12
[    7.889772] serio: i8042 KBD port at 0x60,0x64 irq 1
[    7.891759] serio: i8042 AUX port at 0x60,0x64 irq 12
[    7.897239] input: AT Translated Set 2 keyboard as /devices/platform/i8042/serio0/input/input1
[    7.901272] rtc_cmos 00:00: RTC can wake from S4
[    7.911050] rtc_cmos 00:00: registered as rtc0
[    7.915217] rtc_cmos 00:00: alarms up to one day, y3k, 114 bytes nvram, hpet irqs
[    7.922834] device-mapper: ioctl: 4.41.0-ioctl (2019-09-16) initialised: dm-devel@redhat.com
[    7.926050] intel_pstate: CPU model not supported
[    7.928177] hidraw: raw HID events driver (C) Jiri Kosina
[    7.933477] usbcore: registered new interface driver usbhid
[    7.935639] usbhid: USB HID core driver
[    7.949517] Initializing XFRM netlink socket
[    7.955623] NET: Registered protocol family 10
[    7.962543] Segment Routing with IPv6
[    7.965481] sit: IPv6, IPv4 and MPLS over IPv4 tunneling driver
[    7.970494] NET: Registered protocol family 17
[    7.973246] 9pnet: Installing 9P2000 support
[    7.975208] Key type dns_resolver registered
[    7.978708] IPI shorthand broadcast: enabled
[    7.980541] sched_clock: Marking stable (7766646237, 213715074)->(8141890582, -161529271)
[    7.984508] registered taskstats version 1
[    7.985969] Loading compiled-in X.509 certificates
[    7.987886] kmemleak: Kernel memory leak detector initialized (mem pool available: 14569)
[    7.990711] kmemleak: Automatic memory scanning thread started
[    8.004541] PM:   Magic number: 7:838:302
[    8.006033] tty tty31: hash matches
[    8.007486] printk: console [netcon0] enabled
[    8.008949] netconsole: network logging started
[    8.011812] cfg80211: Loading compiled-in X.509 certificates for regulatory database
[    8.017278] cfg80211: Loaded X.509 cert 'sforshee: 00b28ddf47aef9cea7'
[    8.020088] platform regulatory.0: Direct firmware load for regulatory.db failed with error -2
[    8.022968] ALSA device list:
[    8.024267] cfg80211: failed to load regulatory.db
[    8.026046]   No soundcards found.
[    8.544353] random: fast init done
[    8.548185] input: ImExPS/2 Generic Explorer Mouse as /devices/platform/i8042/serio1/input/input3
[    8.552138] md: Waiting for all devices to be available before autodetect
[    8.554365] md: If you don't use raid, use raid=noautodetect
[    8.559364] md: Autodetecting RAID arrays.
[    8.560753] md: autorun ...
[    8.561687] md: ... autorun DONE.
[    8.565570] EXT4-fs (sda): mounting ext2 file system using the ext4 subsystem
[    8.575534] EXT4-fs (sda): mounted filesystem without journal. Opts: (null)
[    8.577902] VFS: Mounted root (ext2 filesystem) on device 8:0.
[    8.582603] devtmpfs: mounted
[    8.587701] Freeing unused kernel image memory: 1752K
[    8.589708] Write protecting the kernel read-only data: 32768k
[    8.593335] Freeing unused kernel image memory: 2004K
[    8.600919] Freeing unused kernel image memory: 1840K
[    8.602616] Run /sbin/init as init process
SELinux:  Could not open policy file <= /etc/selinux/targeted/policy/policy.31:  No such file or directory
INIT: version 2.93 booting
INIT: /etc/inittab[45]: id field too long (max 4 characters)
[    8.699952] stty (97) used greatest stack depth: 26488 bytes left
[[36minfo[39;49m] Using makefile-style concurrent boot in runlevel S.
ERROR: could not open /proc/stat: No such file or directory
[    9.209225] stat (236) used greatest stack depth: 26104 bytes left
[[36minfo[39;49m] Setting the system clock.
[[36minfo[39;49m] System Clock set to: Tue Oct 22 23:17:17 UTC 2019.
[....] Activating swap...[?25l[?1c7[1G[[32m ok [39;49m8[?25h[?0cdone.
[   10.319043] EXT4-fs (sda): re-mounted. Opts: (null)
[....] Creating compatibility symlink from /etc/mtab to /proc/mounts. ...[?25l[?1c7[1G[[33mwarn[39;49m8[?25h[?0c [33m(warning).[39;49m
[....] Checking file systems...fsck from util-linux 2.33.1
[?25l[?1c7[1G[[32m ok [39;49m8[?25h[?0cdone.
[....] Cleaning up temporary files... /tmp[?25l[?1c7[1G[[32m ok [39;49m8[?25h[?0c.
[   11.134948] random: crng init done
[....] Mounting local filesystems...[?25l[?1c7[1G[[32m ok [39;49m8[?25h[?0cdone.
[....] Activating swapfile swap...[?25l[?1c7[1G[[32m ok [39;49m8[?25h[?0cdone.
[....] Cleaning up temporary files...[?25l[?1c7[1G[[32m ok [39;49m8[?25h[?0c.
[....] Cleaning up temporary files...[?25l[?1c7[1G[[32m ok [39;49m8[?25h[?0c.
[   11.941913] rc (96) used greatest stack depth: 25416 bytes left
+ echo 8
+ insmod ./execves.ko
[   11.998148] execves: loading out-of-tree module taints kernel.
[   12.002304] execves: init
[   12.003494] execves: &sys_call_table[0] = 0x000000005df30c8c
[   12.005813] execves: &sys_call_table[0] = 0x000000005df30c8c
[   12.008237] execves: &sys_call_table[__NR_execves] = 0x00000000ac7307ae
[   12.010894] execves: write cr0
[   12.012333] ------------[ cut here ]------------
[   12.014352] CR0 WP bit went missing!?
[   12.015782] WARNING: CPU: 0 PID: 749 at arch/x86/kernel/cpu/common.c:386 native_write_cr0+0x3e/0x70
[   12.019223] Modules linked in: execves(O+)
[   12.020758] CPU: 0 PID: 749 Comm: insmod Tainted: G           O      5.4.0-rc1+ #9
[   12.023607] Hardware name: QEMU Standard PC (i440FX + PIIX, 1996), BIOS 1.10.2-1ubuntu1 04/01/2014
[   12.026941] RIP: 0010:native_write_cr0+0x3e/0x70
[   12.028871] Code: 85 c0 75 02 5b c3 0f b6 1d 02 47 dc 02 80 fb 01 77 2a 83 e3 01 75 ed 48 c7 c7 00 25 82 82 c6 05 ea 46 dc 02 01 e8 52 a1 06 00 <0f> 0b 5b c3 48 81 cf 00 00 01 00 b8 00 00 01 00 eb b3 0f b6 f3 48
[   12.036059] RSP: 0018:ffff888030c379e0 EFLAGS: 00010282
[   12.038107] RAX: 0000000000000000 RBX: 0000000000000000 RCX: ffffffff823ecb15
[   12.040846] RDX: 0000000000000001 RSI: 0000000000000004 RDI: ffff888030c37810
[   12.043583] RBP: 1ffff11006186f40 R08: 0000000000000004 R09: ffffed1006186f02
[   12.046455] R10: ffff8880335d8000 R11: ffffed1006186f02 R12: ffffffffc0008000
[   12.049232] R13: ffffffffc0002210 R14: ffff888030c37e48 R15: ffffffffc0002378
[   12.051993] FS:  00007fc2f2147200(0000) GS:ffff888036200000(0000) knlGS:0000000000000000
[   12.055249] CS:  0010 DS: 0000 ES: 0000 CR0: 0000000080050033
[   12.057448] CR2: 000055e535ffe448 CR3: 000000003518c000 CR4: 00000000000006f0
[   12.060348] DR0: 0000000000000000 DR1: 0000000000000000 DR2: 0000000000000000
[   12.063027] DR3: 0000000000000000 DR6: 00000000fffe0ff0 DR7: 0000000000000400
[   12.065866] Call Trace:
[   12.066869]  execves_module_init+0x6d/0x1000 [execves]
[   12.068844]  do_one_initcall+0x86/0x29f
[   12.070416]  ? trace_event_raw_event_initcall_finish+0x140/0x140
[   12.072681]  ? create_object+0x43b/0x5a0
[   12.074180]  ? kasan_unpoison_shadow+0x30/0x40
[   12.076046]  do_init_module+0xe0/0x32f
[   12.077474]  load_module+0x3c25/0x4600
[   12.078956]  ? module_frob_arch_sections+0x20/0x20
[   12.080756]  ? kernel_read_file+0x14f/0x380
[   12.082544]  ? get_unmapped_area+0x167/0x1b0
[   12.084244]  ? __do_sys_finit_module+0x163/0x190
[   12.086064]  __do_sys_finit_module+0x163/0x190
[   12.087787]  ? __ia32_sys_init_module+0x40/0x40
[   12.089534]  ? iterate_fd+0xd0/0xd0
[   12.090887]  do_syscall_64+0x5e/0x190
[   12.092358]  entry_SYSCALL_64_after_hwframe+0x44/0xa9
[   12.094308] RIP: 0033:0x7fc2f2261f59
[   12.095670] Code: 00 c3 66 2e 0f 1f 84 00 00 00 00 00 0f 1f 44 00 00 48 89 f8 48 89 f7 48 89 d6 48 89 ca 4d 89 c2 4d 89 c8 4c 8b 4c 24 08 0f 05 <48> 3d 01 f0 ff ff 73 01 c3 48 8b 0d 07 6f 0c 00 f7 d8 64 89 01 48
[   12.102906] RSP: 002b:00007ffc8af40c58 EFLAGS: 00000246 ORIG_RAX: 0000000000000139
[   12.105769] RAX: ffffffffffffffda RBX: 000055e535ffe470 RCX: 00007fc2f2261f59
[   12.108471] RDX: 0000000000000000 RSI: 000055e534fbc3f0 RDI: 0000000000000003
[   12.111199] RBP: 000055e534fbc3f0 R08: 0000000000000000 R09: 00007fc2f232c000
[   12.114054] R10: 0000000000000003 R11: 0000000000000246 R12: 0000000000000000
[   12.116643] R13: 000055e535ffe450 R14: 0000000000000000 R15: 0000000000000000
[   12.119381] ---[ end trace f4e4093dd92f554b ]---
[   12.121208] execves: sys_call_table_page->flags = 4096l
[   12.123366] CPA  protect  Rodata RO: 0xffff888002804000 - 0xffff888002804fff PFN 2804 req 8000000000000063 prevent 0000000000000002
[   12.128000] CPA  protect  Rodata RO: 0xffffffff82804000 - 0xffffffff82804fff PFN 2804 req 8000000000000163 prevent 0000000000000002
[   12.132551] execves: sys_call_table_page->flags = 4096l
[   12.134680] BUG: unable to handle page fault for address: ffffffff828040e0
[   12.137311] #PF: supervisor write access in kernel mode
[   12.139315] #PF: error_code(0x0003) - permissions violation
[   12.141482] PGD 3010067 P4D 3010067 PUD 3011063 PMD 32cd9063 PTE 8000000002804161
[   12.144251] Oops: 0003 [#1] SMP KASAN PTI
[   12.145808] CPU: 0 PID: 749 Comm: insmod Tainted: G        W  O      5.4.0-rc1+ #9
[   12.148626] Hardware name: QEMU Standard PC (i440FX + PIIX, 1996), BIOS 1.10.2-1ubuntu1 04/01/2014
[   12.151958] RIP: 0010:execves_module_init+0x101/0x1000 [execves]
[   12.154181] Code: e8 74 90 5f c2 48 8b 33 48 c7 c7 d0 10 00 c0 e8 69 ad 15 c1 0f 20 c7 48 81 e7 ff ff fe ff e8 c6 e3 04 c1 48 8b 05 07 9f ff ff <48> c7 80 a0 0d 00 00 10 00 00 c0 31 c0 5b c3 00 00 00 00 00 00 00
[   12.161466] RSP: 0018:ffff888030c379f0 EFLAGS: 00010202
[   12.163546] RAX: ffffffff82803340 RBX: ffffea00000a0100 RCX: ffffffff823ecb15
[   12.166349] RDX: 0000000000000000 RSI: 0000000000000004 RDI: 0000000080050033
[   12.169227] RBP: 1ffff11006186f40 R08: 0000000000000004 R09: ffffed1006186f06
[   12.171844] R10: 8000000000000163 R11: ffffed1006186f06 R12: ffffffffc0008000
[   12.174614] R13: ffffffffc0002210 R14: ffff888030c37e48 R15: ffffffffc0002378
[   12.177417] FS:  00007fc2f2147200(0000) GS:ffff888036200000(0000) knlGS:0000000000000000
[   12.180547] CS:  0010 DS: 0000 ES: 0000 CR0: 0000000080050033
[   12.182839] CR2: ffffffff828040e0 CR3: 000000003518c000 CR4: 00000000000006f0
[   12.185545] DR0: 0000000000000000 DR1: 0000000000000000 DR2: 0000000000000000
[   12.188338] DR3: 0000000000000000 DR6: 00000000fffe0ff0 DR7: 0000000000000400
[   12.191021] Call Trace:
[   12.191974]  do_one_initcall+0x86/0x29f
[   12.193422]  ? trace_event_raw_event_initcall_finish+0x140/0x140
[   12.195828]  ? create_object+0x43b/0x5a0
[   12.197411]  ? kasan_unpoison_shadow+0x30/0x40
[   12.199198]  do_init_module+0xe0/0x32f
[   12.200704]  load_module+0x3c25/0x4600
[   12.202221]  ? module_frob_arch_sections+0x20/0x20
[   12.204168]  ? kernel_read_file+0x14f/0x380
[   12.205898]  ? get_unmapped_area+0x167/0x1b0
[   12.207611]  ? __do_sys_finit_module+0x163/0x190
[   12.209473]  __do_sys_finit_module+0x163/0x190
[   12.211347]  ? __ia32_sys_init_module+0x40/0x40
[   12.213027]  ? iterate_fd+0xd0/0xd0
[   12.214456]  do_syscall_64+0x5e/0x190
[   12.215940]  entry_SYSCALL_64_after_hwframe+0x44/0xa9
[   12.217849] RIP: 0033:0x7fc2f2261f59
[   12.219222] Code: 00 c3 66 2e 0f 1f 84 00 00 00 00 00 0f 1f 44 00 00 48 89 f8 48 89 f7 48 89 d6 48 89 ca 4d 89 c2 4d 89 c8 4c 8b 4c 24 08 0f 05 <48> 3d 01 f0 ff ff 73 01 c3 48 8b 0d 07 6f 0c 00 f7 d8 64 89 01 48
[   12.226316] RSP: 002b:00007ffc8af40c58 EFLAGS: 00000246 ORIG_RAX: 0000000000000139
[   12.229144] RAX: ffffffffffffffda RBX: 000055e535ffe470 RCX: 00007fc2f2261f59
[   12.231888] RDX: 0000000000000000 RSI: 000055e534fbc3f0 RDI: 0000000000000003
[   12.234648] RBP: 000055e534fbc3f0 R08: 0000000000000000 R09: 00007fc2f232c000
[   12.237395] R10: 0000000000000003 R11: 0000000000000246 R12: 0000000000000000
[   12.240162] R13: 000055e535ffe450 R14: 0000000000000000 R15: 0000000000000000
[   12.242919] Modules linked in: execves(O+)
[   12.244470] CR2: ffffffff828040e0
[   12.245874] ---[ end trace f4e4093dd92f554c ]---
[   12.247661] RIP: 0010:execves_module_init+0x101/0x1000 [execves]
[   12.249997] Code: e8 74 90 5f c2 48 8b 33 48 c7 c7 d0 10 00 c0 e8 69 ad 15 c1 0f 20 c7 48 81 e7 ff ff fe ff e8 c6 e3 04 c1 48 8b 05 07 9f ff ff <48> c7 80 a0 0d 00 00 10 00 00 c0 31 c0 5b c3 00 00 00 00 00 00 00
[   12.256949] RSP: 0018:ffff888030c379f0 EFLAGS: 00010202
[   12.258920] RAX: ffffffff82803340 RBX: ffffea00000a0100 RCX: ffffffff823ecb15
[   12.261702] RDX: 0000000000000000 RSI: 0000000000000004 RDI: 0000000080050033
[   12.264527] RBP: 1ffff11006186f40 R08: 0000000000000004 R09: ffffed1006186f06
[   12.267185] R10: 8000000000000163 R11: ffffed1006186f06 R12: ffffffffc0008000
[   12.269838] R13: ffffffffc0002210 R14: ffff888030c37e48 R15: ffffffffc0002378
[   12.272465] FS:  00007fc2f2147200(0000) GS:ffff888036200000(0000) knlGS:0000000000000000
[   12.275477] CS:  0010 DS: 0000 ES: 0000 CR0: 0000000080050033
[   12.277640] CR2: ffffffff828040e0 CR3: 000000003518c000 CR4: 00000000000006f0
[   12.280373] DR0: 0000000000000000 DR1: 0000000000000000 DR2: 0000000000000000
[   12.283014] DR3: 0000000000000000 DR6: 00000000fffe0ff0 DR7: 0000000000000400
[   12.285863] Kernel panic - not syncing: Fatal exception
[   12.288061] Kernel Offset: disabled
[   12.289478] ---[ end Kernel panic - not syncing: Fatal exception ]---
QEMU: Terminated
